/home/hallo/Documents/rqsdk/venv/lib/python3.13/site-packages/rqdatac/client.py:263: UserWarning: Your account will be expired after  8 days. Please call us at 0755-22676337 to upgrade or purchase or renew your contract.
  warnings.warn("Your account will be expired after  {} days. "
Downloading Market Data...
  Fetching Reserve Ratio...
  Fetching Money Supply...
  Fetching Interbank Offered Rate (Shibor)...
  Fetching VIX Index: VX0001.RI...
  Fetching VIX Index: VX0002.RI...
  Fetching VIX Index: VX0003.RI...
  Fetching VIX Index: VX0004.RI...
  Fetching VIX Index: VX0005.RI...
  Fetching VIX Index: VX0006.RI...
  Fetching VIX Index: VX0007.RI...
  Fetching VIX Index: VX0008.RI...
  Fetching VIX Index: VX0009.RI...
  Fetching VIX Index: VX0010.RI...
  Fetching VIX Index: VX0011.RI...
  Fetching VIX Index: VX0012.RI...
Downloading Stock-Specific Data (Large files will use Parquet)...
  Processing stock: 000001.XSHE (000001.XSHE_平安银行)...
    Error fetching news for 000001.XSHE: permission denied: news.get_stock_news
    Error fetching ESG for 000001.XSHE: permission denied: esg.get_rating
  Processing stock: 000002.XSHE (000002.XSHE_万科A)...
    Error fetching news for 000002.XSHE: permission denied: news.get_stock_news
    Error fetching ESG for 000002.XSHE: permission denied: esg.get_rating
  Processing stock: 000009.XSHE (000009.XSHE_中国宝安)...
    Error fetching news for 000009.XSHE: permission denied: news.get_stock_news
    Error fetching ESG for 000009.XSHE: permission denied: esg.get_rating
  Processing stock: 000021.XSHE (000021.XSHE_深科技)...
    Error fetching news for 000021.XSHE: permission denied: news.get_stock_news
    Error fetching ESG for 000021.XSHE: permission denied: esg.get_rating
  Processing stock: 000027.XSHE (000027.XSHE_深圳能源)...
    Error fetching news for 000027.XSHE: permission denied: news.get_stock_news
    Error fetching ESG for 000027.XSHE: permission denied: esg.get_rating
  Processing stock: 000032.XSHE (000032.XSHE_深桑达A)...
    Error fetching news for 000032.XSHE: permission denied: news.get_stock_news
    Error fetching ESG for 000032.XSHE: permission denied: esg.get_rating
  Processing stock: 000034.XSHE (000034.XSHE_神州数码)...
    Error fetching news for 000034.XSHE: permission denied: news.get_stock_news
    Error fetching ESG for 000034.XSHE: permission denied: esg.get_rating
  Processing stock: 000039.XSHE (000039.XSHE_中集集团)...
    Error fetching news for 000039.XSHE: permission denied: news.get_stock_news
    Error fetching ESG for 000039.XSHE: permission denied: esg.get_rating
  Processing stock: 000050.XSHE (000050.XSHE_深天马A)...
    Error fetching news for 000050.XSHE: permission denied: news.get_stock_news
    Error fetching ESG for 000050.XSHE: permission denied: esg.get_rating
  Processing stock: 000060.XSHE (000060.XSHE_中金岭南)...
    Error fetching news for 000060.XSHE: permission denied: news.get_stock_news
    Error fetching ESG for 000060.XSHE: permission denied: esg.get_rating
  Processing stock: 000062.XSHE (000062.XSHE_深圳华强)...
    Error fetching news for 000062.XSHE: permission denied: news.get_stock_news
    Error fetching ESG for 000062.XSHE: permission denied: esg.get_rating
  Processing stock: 000063.XSHE (000063.XSHE_中兴通讯)...
    Error fetching news for 000063.XSHE: permission denied: news.get_stock_news
    Error fetching ESG for 000063.XSHE: permission denied: esg.get_rating
  Processing stock: 000088.XSHE (000088.XSHE_盐田港)...
    Error fetching news for 000088.XSHE: permission denied: news.get_stock_news
    Error fetching ESG for 000088.XSHE: permission denied: esg.get_rating
  Processing stock: 000100.XSHE (000100.XSHE_TCL科技)...
    Error fetching news for 000100.XSHE: permission denied: news.get_stock_news
    Error fetching ESG for 000100.XSHE: permission denied: esg.get_rating
  Processing stock: 000155.XSHE (000155.XSHE_川能动力)...
    Error fetching news for 000155.XSHE: permission denied: news.get_stock_news
    Error fetching ESG for 000155.XSHE: permission denied: esg.get_rating
  Processing stock: 000157.XSHE (000157.XSHE_中联重科)...
    Error fetching news for 000157.XSHE: permission denied: news.get_stock_news
    Error fetching ESG for 000157.XSHE: permission denied: esg.get_rating
  Processing stock: 000166.XSHE (000166.XSHE_申万宏源)...
    Error fetching news for 000166.XSHE: permission denied: news.get_stock_news
    Error fetching ESG for 000166.XSHE: permission denied: esg.get_rating
  Processing stock: 000301.XSHE (000301.XSHE_东方盛虹)...
    Error fetching news for 000301.XSHE: permission denied: news.get_stock_news
    Error fetching ESG for 000301.XSHE: permission denied: esg.get_rating
  Processing stock: 000333.XSHE (000333.XSHE_美的集团)...
    Error fetching news for 000333.XSHE: permission denied: news.get_stock_news
    Error fetching ESG for 000333.XSHE: permission denied: esg.get_rating
  Processing stock: 000338.XSHE (000338.XSHE_潍柴动力)...
    Error fetching news for 000338.XSHE: permission denied: news.get_stock_news
    Error fetching ESG for 000338.XSHE: permission denied: esg.get_rating
  Processing stock: 000400.XSHE (000400.XSHE_许继电气)...
    Error fetching news for 000400.XSHE: permission denied: news.get_stock_news
    Error fetching ESG for 000400.XSHE: permission denied: esg.get_rating
  Processing stock: 000408.XSHE (000408.XSHE_藏格矿业)...
    Error fetching news for 000408.XSHE: permission denied: news.get_stock_news
    Error fetching ESG for 000408.XSHE: permission denied: esg.get_rating
  Processing stock: 000415.XSHE (000415.XSHE_渤海租赁)...
    Error fetching news for 000415.XSHE: permission denied: news.get_stock_news
    Error fetching ESG for 000415.XSHE: permission denied: esg.get_rating
  Processing stock: 000423.XSHE (000423.XSHE_东阿阿胶)...
    Error fetching news for 000423.XSHE: permission denied: news.get_stock_news
    Error fetching ESG for 000423.XSHE: permission denied: esg.get_rating
  Processing stock: 000425.XSHE (000425.XSHE_徐工机械)...
    Error fetching news for 000425.XSHE: permission denied: news.get_stock_news
    Error fetching ESG for 000425.XSHE: permission denied: esg.get_rating
  Processing stock: 000426.XSHE (000426.XSHE_兴业银锡)...
    Error fetching news for 000426.XSHE: permission denied: news.get_stock_news
    Error fetching ESG for 000426.XSHE: permission denied: esg.get_rating
  Processing stock: 000429.XSHE (000429.XSHE_粤高速A)...
    Error fetching news for 000429.XSHE: permission denied: news.get_stock_news
    Error fetching ESG for 000429.XSHE: permission denied: esg.get_rating
  Processing stock: 000513.XSHE (000513.XSHE_丽珠集团)...
    Error fetching news for 000513.XSHE: permission denied: news.get_stock_news
    Error fetching ESG for 000513.XSHE: permission denied: esg.get_rating
  Processing stock: 000519.XSHE (000519.XSHE_中兵红箭)...
    Error fetching news for 000519.XSHE: permission denied: news.get_stock_news
    Error fetching ESG for 000519.XSHE: permission denied: esg.get_rating
  Processing stock: 000528.XSHE (000528.XSHE_柳工)...
    Error fetching news for 000528.XSHE: permission denied: news.get_stock_news
    Error fetching ESG for 000528.XSHE: permission denied: esg.get_rating
  Processing stock: 000537.XSHE (000537.XSHE_绿发电力)...
    Error fetching news for 000537.XSHE: permission denied: news.get_stock_news
    Error fetching ESG for 000537.XSHE: permission denied: esg.get_rating
  Processing stock: 000538.XSHE (000538.XSHE_云南白药)...
    Error fetching news for 000538.XSHE: permission denied: news.get_stock_news
    Error fetching ESG for 000538.XSHE: permission denied: esg.get_rating
  Processing stock: 000539.XSHE (000539.XSHE_粤电力A)...
    Error fetching news for 000539.XSHE: permission denied: news.get_stock_news
    Error fetching ESG for 000539.XSHE: permission denied: esg.get_rating
  Processing stock: 000559.XSHE (000559.XSHE_万向钱潮)...
    Error fetching news for 000559.XSHE: permission denied: news.get_stock_news
    Error fetching ESG for 000559.XSHE: permission denied: esg.get_rating
  Processing stock: 000563.XSHE (000563.XSHE_陕国投A)...
    Error fetching news for 000563.XSHE: permission denied: news.get_stock_news
    Error fetching ESG for 000563.XSHE: permission denied: esg.get_rating
  Processing stock: 000568.XSHE (000568.XSHE_泸州老窖)...
    Error fetching news for 000568.XSHE: permission denied: news.get_stock_news
    Error fetching ESG for 000568.XSHE: permission denied: esg.get_rating
  Processing stock: 000582.XSHE (000582.XSHE_北部湾港)...
    Error fetching news for 000582.XSHE: permission denied: news.get_stock_news
    Error fetching ESG for 000582.XSHE: permission denied: esg.get_rating
  Processing stock: 000591.XSHE (000591.XSHE_太阳能)...
    Error fetching news for 000591.XSHE: permission denied: news.get_stock_news
    Error fetching ESG for 000591.XSHE: permission denied: esg.get_rating
  Processing stock: 000596.XSHE (000596.XSHE_古井贡酒)...
    Error fetching news for 000596.XSHE: permission denied: news.get_stock_news
    Error fetching ESG for 000596.XSHE: permission denied: esg.get_rating
  Processing stock: 000598.XSHE (000598.XSHE_兴蓉环境)...
    Error fetching news for 000598.XSHE: permission denied: news.get_stock_news
    Error fetching ESG for 000598.XSHE: permission denied: esg.get_rating
  Processing stock: 000617.XSHE (000617.XSHE_中油资本)...
    Error fetching news for 000617.XSHE: permission denied: news.get_stock_news
    Error fetching ESG for 000617.XSHE: permission denied: esg.get_rating
  Processing stock: 000623.XSHE (000623.XSHE_吉林敖东)...
    Error fetching news for 000623.XSHE: permission denied: news.get_stock_news
    Error fetching ESG for 000623.XSHE: permission denied: esg.get_rating
  Processing stock: 000625.XSHE (000625.XSHE_长安汽车)...
    Error fetching news for 000625.XSHE: permission denied: news.get_stock_news
    Error fetching ESG for 000625.XSHE: permission denied: esg.get_rating
  Processing stock: 000629.XSHE (000629.XSHE_钒钛股份)...
    Error fetching news for 000629.XSHE: permission denied: news.get_stock_news
    Error fetching ESG for 000629.XSHE: permission denied: esg.get_rating
  Processing stock: 000630.XSHE (000630.XSHE_铜陵有色)...
    Error fetching news for 000630.XSHE: permission denied: news.get_stock_news
    Error fetching ESG for 000630.XSHE: permission denied: esg.get_rating
  Processing stock: 000651.XSHE (000651.XSHE_格力电器)...
    Error fetching news for 000651.XSHE: permission denied: news.get_stock_news
    Error fetching ESG for 000651.XSHE: permission denied: esg.get_rating
  Processing stock: 000657.XSHE (000657.XSHE_中钨高新)...
    Error fetching news for 000657.XSHE: permission denied: news.get_stock_news
    Error fetching ESG for 000657.XSHE: permission denied: esg.get_rating
  Processing stock: 000661.XSHE (000661.XSHE_长春高新)...
    Error fetching news for 000661.XSHE: permission denied: news.get_stock_news
    Error fetching ESG for 000661.XSHE: permission denied: esg.get_rating
  Processing stock: 000683.XSHE (000683.XSHE_博源化工)...
    Error fetching news for 000683.XSHE: permission denied: news.get_stock_news
    Error fetching ESG for 000683.XSHE: permission denied: esg.get_rating
  Processing stock: 000703.XSHE (000703.XSHE_恒逸石化)...
    Error fetching news for 000703.XSHE: permission denied: news.get_stock_news
    Error fetching ESG for 000703.XSHE: permission denied: esg.get_rating
  Processing stock: 000708.XSHE (000708.XSHE_中信特钢)...
    Error fetching news for 000708.XSHE: permission denied: news.get_stock_news
    Error fetching ESG for 000708.XSHE: permission denied: esg.get_rating
  Processing stock: 000709.XSHE (000709.XSHE_河钢股份)...
    Error fetching news for 000709.XSHE: permission denied: news.get_stock_news
    Error fetching ESG for 000709.XSHE: permission denied: esg.get_rating
  Processing stock: 000723.XSHE (000723.XSHE_美锦能源)...
    Error fetching news for 000723.XSHE: permission denied: news.get_stock_news
    Error fetching ESG for 000723.XSHE: permission denied: esg.get_rating
  Processing stock: 000725.XSHE (000725.XSHE_京东方A)...
    Error fetching news for 000725.XSHE: permission denied: news.get_stock_news
    Error fetching ESG for 000725.XSHE: permission denied: esg.get_rating
  Processing stock: 000728.XSHE (000728.XSHE_国元证券)...
    Error fetching news for 000728.XSHE: permission denied: news.get_stock_news
    Error fetching ESG for 000728.XSHE: permission denied: esg.get_rating
  Processing stock: 000729.XSHE (000729.XSHE_燕京啤酒)...
    Error fetching news for 000729.XSHE: permission denied: news.get_stock_news
    Error fetching ESG for 000729.XSHE: permission denied: esg.get_rating
  Processing stock: 000733.XSHE (000733.XSHE_振华科技)...
    Error fetching news for 000733.XSHE: permission denied: news.get_stock_news
    Error fetching ESG for 000733.XSHE: permission denied: esg.get_rating
  Processing stock: 000738.XSHE (000738.XSHE_航发控制)...
    Error fetching news for 000738.XSHE: permission denied: news.get_stock_news
    Error fetching ESG for 000738.XSHE: permission denied: esg.get_rating
  Processing stock: 000739.XSHE (000739.XSHE_普洛药业)...
    Error fetching news for 000739.XSHE: permission denied: news.get_stock_news
    Error fetching ESG for 000739.XSHE: permission denied: esg.get_rating
  Processing stock: 000750.XSHE (000750.XSHE_国海证券)...
    Error fetching news for 000750.XSHE: permission denied: news.get_stock_news
    Error fetching ESG for 000750.XSHE: permission denied: esg.get_rating
  Processing stock: 000768.XSHE (000768.XSHE_中航西飞)...
    Error fetching news for 000768.XSHE: permission denied: news.get_stock_news
    Error fetching ESG for 000768.XSHE: permission denied: esg.get_rating
  Processing stock: 000776.XSHE (000776.XSHE_广发证券)...
    Error fetching news for 000776.XSHE: permission denied: news.get_stock_news
    Error fetching ESG for 000776.XSHE: permission denied: esg.get_rating
  Processing stock: 000783.XSHE (000783.XSHE_长江证券)...
    Error fetching news for 000783.XSHE: permission denied: news.get_stock_news
    Error fetching ESG for 000783.XSHE: permission denied: esg.get_rating
  Processing stock: 000785.XSHE (000785.XSHE_居然智家)...
    Error fetching news for 000785.XSHE: permission denied: news.get_stock_news
    Error fetching ESG for 000785.XSHE: permission denied: esg.get_rating
  Processing stock: 000786.XSHE (000786.XSHE_北新建材)...
    Error fetching news for 000786.XSHE: permission denied: news.get_stock_news
    Error fetching ESG for 000786.XSHE: permission denied: esg.get_rating
  Processing stock: 000792.XSHE (000792.XSHE_盐湖股份)...
    Error fetching news for 000792.XSHE: permission denied: news.get_stock_news
    Error fetching ESG for 000792.XSHE: permission denied: esg.get_rating
  Processing stock: 000807.XSHE (000807.XSHE_云铝股份)...
    Error fetching news for 000807.XSHE: permission denied: news.get_stock_news
    Error fetching ESG for 000807.XSHE: permission denied: esg.get_rating
  Processing stock: 000825.XSHE (000825.XSHE_太钢不锈)...
    Error fetching news for 000825.XSHE: permission denied: news.get_stock_news
    Error fetching ESG for 000825.XSHE: permission denied: esg.get_rating
  Processing stock: 000830.XSHE (000830.XSHE_鲁西化工)...
    Error fetching news for 000830.XSHE: permission denied: news.get_stock_news
    Error fetching ESG for 000830.XSHE: permission denied: esg.get_rating
  Processing stock: 000831.XSHE (000831.XSHE_中国稀土)...
    Error fetching news for 000831.XSHE: permission denied: news.get_stock_news
    Error fetching ESG for 000831.XSHE: permission denied: esg.get_rating
  Processing stock: 000858.XSHE (000858.XSHE_五粮液)...
    Error fetching news for 000858.XSHE: permission denied: news.get_stock_news
    Error fetching ESG for 000858.XSHE: permission denied: esg.get_rating
  Processing stock: 000876.XSHE (000876.XSHE_新希望)...
    Error fetching news for 000876.XSHE: permission denied: news.get_stock_news
    Error fetching ESG for 000876.XSHE: permission denied: esg.get_rating
  Processing stock: 000878.XSHE (000878.XSHE_云南铜业)...
    Error fetching news for 000878.XSHE: permission denied: news.get_stock_news
    Error fetching ESG for 000878.XSHE: permission denied: esg.get_rating
  Processing stock: 000883.XSHE (000883.XSHE_湖北能源)...