Analyzing 300ETF...
Loading data...
Found 75 cycles.

===============================================================================================
                 ALPHA RESEARCH: OTM OPTIONS (300ETF) (0 = ATM) - Full History
===============================================================================================
Option Type  OTM Level  Cycles Winrate Expire Worthless Rate  Expected Return (RMB)  Max Loss (RMB)
       Call          0      34  91.18%                41.18%                2506.70         -492.57
       Call          1      40  97.50%                55.00%                2364.59         -429.66
       Call          2      40  97.50%                82.50%                1898.73         -283.34
       Call          3      40 100.00%                95.00%                1363.20           37.38
       Call          4      40 100.00%               100.00%                 897.51           31.32
       Call          5      40 100.00%               100.00%                 553.76            7.80
        Put          0      75  48.00%                42.67%                -719.07        -5212.67
        Put          1      67  65.67%                64.18%                -440.69        -4679.47
        Put          2      60  76.67%                76.67%                -216.74        -4266.57
        Put          3      51  86.27%                88.24%                -125.63        -3707.18
        Put          4      37  89.19%                89.19%                -106.14        -3307.73
        Put          5      28  92.86%                92.86%                 -97.42        -2724.97
===============================================================================================
