Analyzing 300ETF...
Loading data...
Found 75 cycles.

===============================================================================================
                 ALPHA RESEARCH: OTM OPTIONS (300ETF) (0 = ATM) - Full History
===============================================================================================
Option Type  OTM Level  Cycles Winrate Expire Worthless Rate  Expected Return (RMB)  Max Loss (RMB)
       Call          0      65  90.77%                36.92%                2452.41        -1814.75
       Call          1      73  95.89%                58.90%                2202.31        -1747.71
       Call          2      73  95.89%                82.19%                1769.16        -1690.47
       Call          3      73  98.63%                93.15%                1272.01        -1590.11
       Call          4      73  98.63%                97.26%                 847.54        -1392.73
       Call          5      73  98.63%                97.26%                 524.35        -1017.97
        Put          0      75  48.00%                42.67%                -719.07        -5212.67
        Put          1      67  65.67%                64.18%                -440.69        -4679.47
        Put          2      60  76.67%                76.67%                -216.74        -4266.57
        Put          3      51  86.27%                88.24%                -125.63        -3707.18
        Put          4      37  89.19%                89.19%                -106.14        -3307.73
        Put          5      28  92.86%                92.86%                 -97.42        -2724.97
===============================================================================================
