Analyzing 300ETF...
Loading data...
Found 75 cycles.

===============================================================================================
                 ALPHA RESEARCH: OTM OPTIONS (300ETF) (0 = ATM) - Full History
===============================================================================================
Option Type  OTM Level  Cycles Winrate Expire Worthless Rate  Expected Return (RMB)  Max Loss (RMB)
       Call          0      32  96.88%                28.12%                2815.00        -2097.78
       Call          1      38  97.37%                55.26%                2587.22        -1923.92
       Call          2      38  97.37%                78.95%                2173.49        -1515.84
       Call          3      38  97.37%                92.11%                1666.74         -892.16
       Call          4      38  97.37%                94.74%                1162.90         -109.72
       Call          5      38 100.00%                97.37%                 793.64           59.74
        Put          0      75  48.00%                42.67%                -719.07        -5212.67
        Put          1      67  65.67%                64.18%                -440.69        -4679.47
        Put          2      60  76.67%                76.67%                -216.74        -4266.57
        Put          3      51  86.27%                88.24%                -125.63        -3707.18
        Put          4      37  89.19%                89.19%                -106.14        -3307.73
        Put          5      28  92.86%                92.86%                 -97.42        -2724.97
===============================================================================================
