Analyzing 300ETF...
Loading data...
Found 75 cycles.

===============================================================================================
                 ALPHA RESEARCH: OTM OPTIONS (300ETF) (0 = ATM) - Full History
===============================================================================================
Option Type  OTM Level  Cycles Winrate Expire Worthless Rate  Expected Return (RMB)  Max Loss (RMB)
       Call          0      49  93.88%                36.73%                2508.02         -492.57
       Call          1      56  98.21%                57.14%                2266.65         -429.66
       Call          2      56  98.21%                82.14%                1809.83         -283.34
       Call          3      56 100.00%                92.86%                1304.90           37.38
       Call          4      56 100.00%                98.21%                 876.68           31.32
       Call          5      56 100.00%                98.21%                 548.45            7.80
        Put          0      75  48.00%                42.67%                -719.07        -5212.67
        Put          1      67  65.67%                64.18%                -440.69        -4679.47
        Put          2      60  76.67%                76.67%                -216.74        -4266.57
        Put          3      51  86.27%                88.24%                -125.63        -3707.18
        Put          4      37  89.19%                89.19%                -106.14        -3307.73
        Put          5      28  92.86%                92.86%                 -97.42        -2724.97
===============================================================================================
