Analyzing 300ETF...
Loading data...
Found 75 cycles.

===============================================================================================
                 ALPHA RESEARCH: OTM OPTIONS (300ETF) (0 = ATM) - Full History
===============================================================================================
Option Type  OTM Level  Cycles Winrate Expire Worthless Rate  Expected Return (RMB)  Max Loss (RMB)
       Call          0      59  88.14%                37.29%                2358.19        -2097.78
       Call          1      67  94.03%                56.72%                2145.85        -1923.92
       Call          2      67  94.03%                80.60%                1731.65        -1690.47
       Call          3      67  95.52%                91.04%                1260.93        -1590.11
       Call          4      67  95.52%                94.03%                 848.38        -1392.73
       Call          5      67  98.51%                97.01%                 542.30        -1017.97
        Put          0      75  48.00%                42.67%                -719.07        -5212.67
        Put          1      67  65.67%                64.18%                -440.69        -4679.47
        Put          2      60  76.67%                76.67%                -216.74        -4266.57
        Put          3      51  86.27%                88.24%                -125.63        -3707.18
        Put          4      37  89.19%                89.19%                -106.14        -3307.73
        Put          5      28  92.86%                92.86%                 -97.42        -2724.97
===============================================================================================
