Analyzing 300ETF...
Loading data...
Found 75 cycles.

===============================================================================================
                 ALPHA RESEARCH: OTM OPTIONS (300ETF) (0 = ATM) - Full History
===============================================================================================
Option Type  OTM Level  Cycles Winrate Expire Worthless Rate  Expected Return (RMB)  Max Loss (RMB)
       Call          0      41  92.68%                34.15%                2458.56        -2097.78
       Call          1      47  97.87%                59.57%                2303.46        -1923.92
       Call          2      47  97.87%                85.11%                1878.21        -1515.84
       Call          3      47  97.87%                95.74%                1379.88         -892.16
       Call          4      47  97.87%                97.87%                 939.04         -109.72
       Call          5      47 100.00%               100.00%                 631.62           10.07
        Put          0      75  48.00%                42.67%                -719.07        -5212.67
        Put          1      67  65.67%                64.18%                -440.69        -4679.47
        Put          2      60  76.67%                76.67%                -216.74        -4266.57
        Put          3      51  86.27%                88.24%                -125.63        -3707.18
        Put          4      37  89.19%                89.19%                -106.14        -3307.73
        Put          5      28  92.86%                92.86%                 -97.42        -2724.97
===============================================================================================
