Analyzing 300ETF...
Loading data...
Found 75 cycles.

===============================================================================================
                 ALPHA RESEARCH: OTM OPTIONS (300ETF) (0 = ATM) - Full History
===============================================================================================
Option Type  OTM Level  Cycles Winrate Expire Worthless Rate  Expected Return (RMB)  Max Loss (RMB)
       Call          0      56  91.07%                37.50%                2397.67        -1017.16
       Call          1      64  96.88%                57.81%                2168.03         -824.65
       Call          2      64  96.88%                81.25%                1712.56         -801.70
       Call          3      64  98.44%                92.19%                1212.38         -388.15
       Call          4      64  98.44%                96.88%                 805.12         -347.93
       Call          5      64 100.00%                98.44%                 486.97            7.80
        Put          0      75  48.00%                42.67%                -719.07        -5212.67
        Put          1      67  65.67%                64.18%                -440.69        -4679.47
        Put          2      60  76.67%                76.67%                -216.74        -4266.57
        Put          3      51  86.27%                88.24%                -125.63        -3707.18
        Put          4      37  89.19%                89.19%                -106.14        -3307.73
        Put          5      28  92.86%                92.86%                 -97.42        -2724.97
===============================================================================================
