Analyzing 300ETF...
Loading data...
Found 75 cycles.

===============================================================================================
                 ALPHA RESEARCH: OTM OPTIONS (300ETF) (0 = ATM) - Full History
===============================================================================================
Option Type  OTM Level  Cycles Winrate Expire Worthless Rate  Expected Return (RMB)  Max Loss (RMB)
       Call          0      67  88.06%                35.82%                2332.71        -2097.78
       Call          1      75  93.33%                57.33%                2106.93        -1923.92
       Call          2      75  93.33%                80.00%                1691.08        -1690.47
       Call          3      75  96.00%                90.67%                1221.02        -1590.11
       Call          4      75  96.00%                94.67%                 818.84        -1392.73
       Call          5      75  98.67%                97.33%                 518.09        -1017.97
        Put          0      75  48.00%                42.67%                -719.07        -5212.67
        Put          1      67  65.67%                64.18%                -440.69        -4679.47
        Put          2      60  76.67%                76.67%                -216.74        -4266.57
        Put          3      51  86.27%                88.24%                -125.63        -3707.18
        Put          4      37  89.19%                89.19%                -106.14        -3307.73
        Put          5      28  92.86%                92.86%                 -97.42        -2724.97
===============================================================================================
